
> gs-tech-website@0.0.0 build
> tsc -b && vite build

src/components/Footer.tsx(6,11): error TS6133: 'year' is declared but its value is never read.
src/components/Sidebar.tsx(26,38): error TS6133: 'index' is declared but its value is never read.
src/pages/BlogPage.tsx(3,1): error TS6133: 'Link' is declared but its value is never read.
src/pages/BlogPage.tsx(131,51): error TS6133: 'i' is declared but its value is never read.
src/pages/HomePage.tsx(4,1): error TS6192: All imports in import declaration are unused.
src/pages/HomePage.tsx(5,1): error TS6192: All imports in import declaration are unused.
src/pages/ProjectsPage.tsx(100,50): error TS6133: 'i' is declared but its value is never read.
src/pages/ServicesPage.tsx(7,11): error TS6133: 'ySection1' is declared but its value is never read.
src/pages/ServicesPage.tsx(8,11): error TS6133: 'rotateSection' is declared but its value is never read.
